11:01:49 **** Incremental Build of configuration Debug for project Ultrasonic-sensor ****
make -j4 all 
arm-none-eabi-gcc "../Core/Src/main.c" -mcpu=cortex-m3 -std=gnu11 -g3 -DDEBUG -DUSE_HAL_DRIVER -DSTM32F103xB -c -I../Core/Inc -I../Drivers/STM32F1xx_HAL_Driver/Inc/Legacy -I../Drivers/STM32F1xx_HAL_Driver/Inc -I../Drivers/CMSIS/Device/ST/STM32F1xx/Include -I../Drivers/CMSIS/Include -O0 -ffunction-sections -fdata-sections -Wall -fstack-usage -fcyclomatic-complexity -MMD -MP -MF"Core/Src/main.d" -MT"Core/Src/main.o" --specs=nano.specs -mfloat-abi=soft -mthumb -o "Core/Src/main.o"
arm-none-eabi-gcc -o "Ultrasonic-sensor.elf" @"objects.list"   -mcpu=cortex-m3 -T"C:\Users\hp\Desktop\Desktop\Hardware\STM\Ultrasonic-sensor\STM32F103C8TX_FLASH.ld" --specs=nosys.specs -Wl,-Map="Ultrasonic-sensor.map" -Wl,--gc-sections -static --specs=nano.specs -mfloat-abi=soft -mthumb -Wl,--start-group -lc -lm -Wl,--end-group
Finished building target: Ultrasonic-sensor.elf
 
arm-none-eabi-size  Ultrasonic-sensor.elf 
arm-none-eabi-objdump -h -S Ultrasonic-sensor.elf  > "Ultrasonic-sensor.list"
   text	   data	    bss	    dec	    hex	filename
  14168	    100	   2060	  16328	   3fc8	Ultrasonic-sensor.elf
Finished building: default.size.stdout
 
Finished building: Ultrasonic-sensor.list
 

11:01:50 Build Finished. 0 errors, 0 warnings. (took 1s.416ms)

